------------------------------------------------------------
TimeQuest Timing Analyzer Summary
------------------------------------------------------------

Type  : Slow 1200mV 85C Model Setup 'sdram_pll_m0|altpll_component|auto_generated|pll1|clk[0]'
Slack : 2.974
TNS   : 0.000

Type  : Slow 1200mV 85C Model Setup 'clk'
Slack : 10.457
TNS   : 0.000

Type  : Slow 1200mV 85C Model Hold 'clk'
Slack : 0.403
TNS   : 0.000

Type  : Slow 1200mV 85C Model Hold 'sdram_pll_m0|altpll_component|auto_generated|pll1|clk[0]'
Slack : 0.437
TNS   : 0.000

Type  : Slow 1200mV 85C Model Recovery 'sdram_pll_m0|altpll_component|auto_generated|pll1|clk[0]'
Slack : 6.279
TNS   : 0.000

Type  : Slow 1200mV 85C Model Removal 'sdram_pll_m0|altpll_component|auto_generated|pll1|clk[0]'
Slack : 1.151
TNS   : 0.000

Type  : Slow 1200mV 85C Model Minimum Pulse Width 'sdram_pll_m0|altpll_component|auto_generated|pll1|clk[0]'
Slack : 4.699
TNS   : 0.000

Type  : Slow 1200mV 85C Model Minimum Pulse Width 'clk'
Slack : 9.596
TNS   : 0.000

Type  : Slow 1200mV 0C Model Setup 'sdram_pll_m0|altpll_component|auto_generated|pll1|clk[0]'
Slack : 3.370
TNS   : 0.000

Type  : Slow 1200mV 0C Model Setup 'clk'
Slack : 11.161
TNS   : 0.000

Type  : Slow 1200mV 0C Model Hold 'clk'
Slack : 0.387
TNS   : 0.000

Type  : Slow 1200mV 0C Model Hold 'sdram_pll_m0|altpll_component|auto_generated|pll1|clk[0]'
Slack : 0.401
TNS   : 0.000

Type  : Slow 1200mV 0C Model Recovery 'sdram_pll_m0|altpll_component|auto_generated|pll1|clk[0]'
Slack : 6.485
TNS   : 0.000

Type  : Slow 1200mV 0C Model Removal 'sdram_pll_m0|altpll_component|auto_generated|pll1|clk[0]'
Slack : 1.028
TNS   : 0.000

Type  : Slow 1200mV 0C Model Minimum Pulse Width 'sdram_pll_m0|altpll_component|auto_generated|pll1|clk[0]'
Slack : 4.667
TNS   : 0.000

Type  : Slow 1200mV 0C Model Minimum Pulse Width 'clk'
Slack : 9.595
TNS   : 0.000

Type  : Fast 1200mV 0C Model Setup 'sdram_pll_m0|altpll_component|auto_generated|pll1|clk[0]'
Slack : 6.988
TNS   : 0.000

Type  : Fast 1200mV 0C Model Setup 'clk'
Slack : 15.680
TNS   : 0.000

Type  : Fast 1200mV 0C Model Hold 'clk'
Slack : 0.136
TNS   : 0.000

Type  : Fast 1200mV 0C Model Hold 'sdram_pll_m0|altpll_component|auto_generated|pll1|clk[0]'
Slack : 0.147
TNS   : 0.000

Type  : Fast 1200mV 0C Model Recovery 'sdram_pll_m0|altpll_component|auto_generated|pll1|clk[0]'
Slack : 8.233
TNS   : 0.000

Type  : Fast 1200mV 0C Model Removal 'sdram_pll_m0|altpll_component|auto_generated|pll1|clk[0]'
Slack : 0.504
TNS   : 0.000

Type  : Fast 1200mV 0C Model Minimum Pulse Width 'sdram_pll_m0|altpll_component|auto_generated|pll1|clk[0]'
Slack : 4.734
TNS   : 0.000

Type  : Fast 1200mV 0C Model Minimum Pulse Width 'clk'
Slack : 9.199
TNS   : 0.000

------------------------------------------------------------
