Parameter Settings by Entity Instance report for top
Sun Jan 28 13:02:43 2024
Quartus Prime Version 21.1.0 Build 842 10/21/2021 SJ Lite Edition


---------------------
; Table of Contents ;
---------------------
  1. Legal Notice
  2. Parameter Settings for User Entity Instance: uart_rx:uart_receiver_inst
  3. Parameter Settings for User Entity Instance: i2s_tx:i2s_transmitter_inst
  4. Parameter Settings for User Entity Instance: ax_debounce:ax_debounce_a0
  5. Parameter Settings for User Entity Instance: ax_debounce:ax_debounce_a1
  6. Parameter Settings for User Entity Instance: ax_debounce:ax_debounce_a2



----------------
; Legal Notice ;
----------------
Copyright (C) 2021  Intel Corporation. All rights reserved.
Your use of Intel Corporation's design tools, logic functions 
and other software and tools, and any partner logic 
functions, and any output files from any of the foregoing 
(including device programming or simulation files), and any 
associated documentation or information are expressly subject 
to the terms and conditions of the Intel Program License 
Subscription Agreement, the Intel Quartus Prime License Agreement,
the Intel FPGA IP License Agreement, or other applicable license
agreement, including, without limitation, that your use is for
the sole purpose of programming logic devices manufactured by
Intel and sold by Intel or its authorized distributors.  Please
refer to the applicable agreement for further details, at
https://fpgasoftware.intel.com/eula.



+-------------------------------------------------------------------------+
; Parameter Settings for User Entity Instance: uart_rx:uart_receiver_inst ;
+----------------+--------+-----------------------------------------------+
; Parameter Name ; Value  ; Type                                          ;
+----------------+--------+-----------------------------------------------+
; CLK_FRE        ; 50     ; Signed Integer                                ;
; BAUD_RATE      ; 128000 ; Signed Integer                                ;
+----------------+--------+-----------------------------------------------+
Note: In order to hide this table in the UI and the text report file, please set the "Show Parameter Settings in Synthesis Report" option in "Analysis and Synthesis Settings -> More Settings" to "Off".


+--------------------------------------------------------------------------+
; Parameter Settings for User Entity Instance: i2s_tx:i2s_transmitter_inst ;
+----------------+----------+----------------------------------------------+
; Parameter Name ; Value    ; Type                                         ;
+----------------+----------+----------------------------------------------+
; CLOCK_FREQ     ; 50000000 ; Signed Integer                               ;
; SAMPLE_RATE    ; 100      ; Signed Integer                               ;
; BIT_DEPTH      ; 8        ; Signed Integer                               ;
+----------------+----------+----------------------------------------------+
Note: In order to hide this table in the UI and the text report file, please set the "Show Parameter Settings in Synthesis Report" option in "Analysis and Synthesis Settings -> More Settings" to "Off".


+-------------------------------------------------------------------------+
; Parameter Settings for User Entity Instance: ax_debounce:ax_debounce_a0 ;
+----------------+-------+------------------------------------------------+
; Parameter Name ; Value ; Type                                           ;
+----------------+-------+------------------------------------------------+
; N              ; 32    ; Signed Integer                                 ;
; FREQ           ; 50    ; Signed Integer                                 ;
; MAX_TIME       ; 20    ; Signed Integer                                 ;
+----------------+-------+------------------------------------------------+
Note: In order to hide this table in the UI and the text report file, please set the "Show Parameter Settings in Synthesis Report" option in "Analysis and Synthesis Settings -> More Settings" to "Off".


+-------------------------------------------------------------------------+
; Parameter Settings for User Entity Instance: ax_debounce:ax_debounce_a1 ;
+----------------+-------+------------------------------------------------+
; Parameter Name ; Value ; Type                                           ;
+----------------+-------+------------------------------------------------+
; N              ; 32    ; Signed Integer                                 ;
; FREQ           ; 50    ; Signed Integer                                 ;
; MAX_TIME       ; 20    ; Signed Integer                                 ;
+----------------+-------+------------------------------------------------+
Note: In order to hide this table in the UI and the text report file, please set the "Show Parameter Settings in Synthesis Report" option in "Analysis and Synthesis Settings -> More Settings" to "Off".


+-------------------------------------------------------------------------+
; Parameter Settings for User Entity Instance: ax_debounce:ax_debounce_a2 ;
+----------------+-------+------------------------------------------------+
; Parameter Name ; Value ; Type                                           ;
+----------------+-------+------------------------------------------------+
; N              ; 32    ; Signed Integer                                 ;
; FREQ           ; 50    ; Signed Integer                                 ;
; MAX_TIME       ; 20    ; Signed Integer                                 ;
+----------------+-------+------------------------------------------------+
Note: In order to hide this table in the UI and the text report file, please set the "Show Parameter Settings in Synthesis Report" option in "Analysis and Synthesis Settings -> More Settings" to "Off".


