I/O Bank Usage report for top
Sun Jan 28 13:01:52 2024
Quartus Prime Version 21.1.0 Build 842 10/21/2021 SJ Lite Edition


---------------------
; Table of Contents ;
---------------------
  1. Legal Notice
  2. I/O Bank Usage



----------------
; Legal Notice ;
----------------
Copyright (C) 2021  Intel Corporation. All rights reserved.
Your use of Intel Corporation's design tools, logic functions 
and other software and tools, and any partner logic 
functions, and any output files from any of the foregoing 
(including device programming or simulation files), and any 
associated documentation or information are expressly subject 
to the terms and conditions of the Intel Program License 
Subscription Agreement, the Intel Quartus Prime License Agreement,
the Intel FPGA IP License Agreement, or other applicable license
agreement, including, without limitation, that your use is for
the sole purpose of programming logic devices manufactured by
Intel and sold by Intel or its authorized distributors.  Please
refer to the applicable agreement for further details, at
https://fpgasoftware.intel.com/eula.



+-------------------------------------------------------------+
; I/O Bank Usage                                              ;
+----------+-------------------+---------------+--------------+
; I/O Bank ; Usage             ; VCCIO Voltage ; VREF Voltage ;
+----------+-------------------+---------------+--------------+
; 1        ; 7 / 17 ( 41 % )   ; 3.3V          ; --           ;
; 2        ; 9 / 19 ( 47 % )   ; 3.3V          ; --           ;
; 3        ; 7 / 26 ( 27 % )   ; 3.3V          ; --           ;
; 4        ; 12 / 27 ( 44 % )  ; 3.3V          ; --           ;
; 5        ; 25 / 25 ( 100 % ) ; 3.3V          ; --           ;
; 6        ; 14 / 14 ( 100 % ) ; 3.3V          ; --           ;
; 7        ; 15 / 26 ( 58 % )  ; 3.3V          ; --           ;
; 8        ; 1 / 26 ( 4 % )    ; 3.3V          ; --           ;
+----------+-------------------+---------------+--------------+


