Analysis & Synthesis report for seg_test
Fri Jan 14 11:34:21 2022
Quartus Prime Version 17.1.0 Build 590 10/25/2017 SJ Lite Edition


---------------------
; Table of Contents ;
---------------------
  1. Legal Notice
  2. Analysis & Synthesis Summary
  3. Analysis & Synthesis Settings
  4. Parallel Compilation
  5. Analysis & Synthesis Source Files Read
  6. Analysis & Synthesis Resource Usage Summary
  7. Analysis & Synthesis Resource Utilization by Entity
  8. Registers Removed During Synthesis
  9. Removed Registers Triggering Further Register Optimizations
 10. General Register Statistics
 11. Inverted Register Statistics
 12. Multiplexer Restructuring Statistics (Restructuring Performed)
 13. Parameter Settings for User Entity Instance: seg_scan:seg_scan_m0
 14. Port Connectivity Checks: "seg_scan:seg_scan_m0"
 15. Port Connectivity Checks: "seg_decoder:seg_decoder_m1"
 16. Port Connectivity Checks: "seg_decoder:seg_decoder_m0"
 17. Port Connectivity Checks: "count_m10:count10_m7"
 18. Port Connectivity Checks: "count_m10:count10_m6"
 19. Port Connectivity Checks: "count_m10:count10_m5"
 20. Port Connectivity Checks: "count_m10:count10_m4"
 21. Port Connectivity Checks: "count_m10:count10_m3"
 22. Port Connectivity Checks: "count_m10:count10_m2"
 23. Port Connectivity Checks: "count_m10:count10_m1"
 24. Port Connectivity Checks: "count_m10:count10_m0"
 25. Post-Synthesis Netlist Statistics for Top Partition
 26. Elapsed Time Per Partition
 27. Analysis & Synthesis Messages



----------------
; Legal Notice ;
----------------
Copyright (C) 2017  Intel Corporation. All rights reserved.
Your use of Intel Corporation's design tools, logic functions 
and other software and tools, and its AMPP partner logic 
functions, and any output files from any of the foregoing 
(including device programming or simulation files), and any 
associated documentation or information are expressly subject 
to the terms and conditions of the Intel Program License 
Subscription Agreement, the Intel Quartus Prime License Agreement,
the Intel FPGA IP License Agreement, or other applicable license
agreement, including, without limitation, that your use is for
the sole purpose of programming logic devices manufactured by
Intel and sold by Intel or its authorized distributors.  Please
refer to the applicable agreement for further details.



+----------------------------------------------------------------------------------+
; Analysis & Synthesis Summary                                                     ;
+------------------------------------+---------------------------------------------+
; Analysis & Synthesis Status        ; Successful - Fri Jan 14 11:34:21 2022       ;
; Quartus Prime Version              ; 17.1.0 Build 590 10/25/2017 SJ Lite Edition ;
; Revision Name                      ; seg_test                                    ;
; Top-level Entity Name              ; seg_test                                    ;
; Family                             ; Cyclone IV E                                ;
; Total logic elements               ; 196                                         ;
;     Total combinational functions  ; 196                                         ;
;     Dedicated logic registers      ; 119                                         ;
; Total registers                    ; 119                                         ;
; Total pins                         ; 18                                          ;
; Total virtual pins                 ; 0                                           ;
; Total memory bits                  ; 0                                           ;
; Embedded Multiplier 9-bit elements ; 0                                           ;
; Total PLLs                         ; 0                                           ;
+------------------------------------+---------------------------------------------+


+----------------------------------------------------------------------------------------------------------------------+
; Analysis & Synthesis Settings                                                                                        ;
+----------------------------------------------------------------------------+--------------------+--------------------+
; Option                                                                     ; Setting            ; Default Value      ;
+----------------------------------------------------------------------------+--------------------+--------------------+
; Device                                                                     ; EP4CE6F17C8        ;                    ;
; Top-level entity name                                                      ; seg_test           ; seg_test           ;
; Family name                                                                ; Cyclone IV E       ; Cyclone V          ;
; Use smart compilation                                                      ; Off                ; Off                ;
; Enable parallel Assembler and TimeQuest Timing Analyzer during compilation ; On                 ; On                 ;
; Enable compact report table                                                ; Off                ; Off                ;
; Restructure Multiplexers                                                   ; Auto               ; Auto               ;
; Create Debugging Nodes for IP Cores                                        ; Off                ; Off                ;
; Preserve fewer node names                                                  ; On                 ; On                 ;
; Intel FPGA IP Evaluation Mode                                              ; Enable             ; Enable             ;
; Verilog Version                                                            ; Verilog_2001       ; Verilog_2001       ;
; VHDL Version                                                               ; VHDL_1993          ; VHDL_1993          ;
; State Machine Processing                                                   ; Auto               ; Auto               ;
; Safe State Machine                                                         ; Off                ; Off                ;
; Extract Verilog State Machines                                             ; On                 ; On                 ;
; Extract VHDL State Machines                                                ; On                 ; On                 ;
; Ignore Verilog initial constructs                                          ; Off                ; Off                ;
; Iteration limit for constant Verilog loops                                 ; 5000               ; 5000               ;
; Iteration limit for non-constant Verilog loops                             ; 250                ; 250                ;
; Add Pass-Through Logic to Inferred RAMs                                    ; On                 ; On                 ;
; Infer RAMs from Raw Logic                                                  ; On                 ; On                 ;
; Parallel Synthesis                                                         ; On                 ; On                 ;
; DSP Block Balancing                                                        ; Auto               ; Auto               ;
; NOT Gate Push-Back                                                         ; On                 ; On                 ;
; Power-Up Don't Care                                                        ; On                 ; On                 ;
; Remove Redundant Logic Cells                                               ; Off                ; Off                ;
; Remove Duplicate Registers                                                 ; On                 ; On                 ;
; Ignore CARRY Buffers                                                       ; Off                ; Off                ;
; Ignore CASCADE Buffers                                                     ; Off                ; Off                ;
; Ignore GLOBAL Buffers                                                      ; Off                ; Off                ;
; Ignore ROW GLOBAL Buffers                                                  ; Off                ; Off                ;
; Ignore LCELL Buffers                                                       ; Off                ; Off                ;
; Ignore SOFT Buffers                                                        ; On                 ; On                 ;
; Limit AHDL Integers to 32 Bits                                             ; Off                ; Off                ;
; Optimization Technique                                                     ; Balanced           ; Balanced           ;
; Carry Chain Length                                                         ; 70                 ; 70                 ;
; Auto Carry Chains                                                          ; On                 ; On                 ;
; Auto Open-Drain Pins                                                       ; On                 ; On                 ;
; Perform WYSIWYG Primitive Resynthesis                                      ; Off                ; Off                ;
; Auto ROM Replacement                                                       ; On                 ; On                 ;
; Auto RAM Replacement                                                       ; On                 ; On                 ;
; Auto DSP Block Replacement                                                 ; On                 ; On                 ;
; Auto Shift Register Replacement                                            ; Auto               ; Auto               ;
; Allow Shift Register Merging across Hierarchies                            ; Auto               ; Auto               ;
; Auto Clock Enable Replacement                                              ; On                 ; On                 ;
; Strict RAM Replacement                                                     ; Off                ; Off                ;
; Allow Synchronous Control Signals                                          ; On                 ; On                 ;
; Force Use of Synchronous Clear Signals                                     ; Off                ; Off                ;
; Auto RAM Block Balancing                                                   ; On                 ; On                 ;
; Auto RAM to Logic Cell Conversion                                          ; Off                ; Off                ;
; Auto Resource Sharing                                                      ; Off                ; Off                ;
; Allow Any RAM Size For Recognition                                         ; Off                ; Off                ;
; Allow Any ROM Size For Recognition                                         ; Off                ; Off                ;
; Allow Any Shift Register Size For Recognition                              ; Off                ; Off                ;
; Use LogicLock Constraints during Resource Balancing                        ; On                 ; On                 ;
; Ignore translate_off and synthesis_off directives                          ; Off                ; Off                ;
; Timing-Driven Synthesis                                                    ; On                 ; On                 ;
; Report Parameter Settings                                                  ; On                 ; On                 ;
; Report Source Assignments                                                  ; On                 ; On                 ;
; Report Connectivity Checks                                                 ; On                 ; On                 ;
; Ignore Maximum Fan-Out Assignments                                         ; Off                ; Off                ;
; Synchronization Register Chain Length                                      ; 2                  ; 2                  ;
; Power Optimization During Synthesis                                        ; Normal compilation ; Normal compilation ;
; HDL message level                                                          ; Level2             ; Level2             ;
; Suppress Register Optimization Related Messages                            ; Off                ; Off                ;
; Number of Removed Registers Reported in Synthesis Report                   ; 5000               ; 5000               ;
; Number of Swept Nodes Reported in Synthesis Report                         ; 5000               ; 5000               ;
; Number of Inverted Registers Reported in Synthesis Report                  ; 100                ; 100                ;
; Clock MUX Protection                                                       ; On                 ; On                 ;
; Auto Gated Clock Conversion                                                ; Off                ; Off                ;
; Block Design Naming                                                        ; Auto               ; Auto               ;
; SDC constraint protection                                                  ; Off                ; Off                ;
; Synthesis Effort                                                           ; Auto               ; Auto               ;
; Shift Register Replacement - Allow Asynchronous Clear Signal               ; On                 ; On                 ;
; Pre-Mapping Resynthesis Optimization                                       ; Off                ; Off                ;
; Analysis & Synthesis Message Level                                         ; Medium             ; Medium             ;
; Disable Register Merging Across Hierarchies                                ; Auto               ; Auto               ;
; Resource Aware Inference For Block RAM                                     ; On                 ; On                 ;
+----------------------------------------------------------------------------+--------------------+--------------------+


+------------------------------------------+
; Parallel Compilation                     ;
+----------------------------+-------------+
; Processors                 ; Number      ;
+----------------------------+-------------+
; Number detected on machine ; 8           ;
; Maximum allowed            ; 4           ;
;                            ;             ;
; Average used               ; 1.00        ;
; Maximum used               ; 4           ;
;                            ;             ;
; Usage by Processor         ; % Time Used ;
;     Processor 1            ; 100.0%      ;
;     Processors 2-4         ;   0.0%      ;
+----------------------------+-------------+


+------------------------------------------------------------------------------------------------------------------------------------------------------------------------------------------+
; Analysis & Synthesis Source Files Read                                                                                                                                                   ;
+----------------------------------+-----------------+------------------------+--------------------------------------------------------------------------------------------------+---------+
; File Name with User-Entered Path ; Used in Netlist ; File Type              ; File Name with Absolute Path                                                                     ; Library ;
+----------------------------------+-----------------+------------------------+--------------------------------------------------------------------------------------------------+---------+
; src/seg_test.v                   ; yes             ; User Verilog HDL File  ; D:/BaiduNetdiskDownload/AX301B/AX301_CD_20191212/AX301_CD_20191212/05_seg_test/src/seg_test.v    ;         ;
; src/seg_scan.v                   ; yes             ; User Verilog HDL File  ; D:/BaiduNetdiskDownload/AX301B/AX301_CD_20191212/AX301_CD_20191212/05_seg_test/src/seg_scan.v    ;         ;
; src/seg_decoder.v                ; yes             ; User Verilog HDL File  ; D:/BaiduNetdiskDownload/AX301B/AX301_CD_20191212/AX301_CD_20191212/05_seg_test/src/seg_decoder.v ;         ;
; src/count_m10.v                  ; yes             ; User Verilog HDL File  ; D:/BaiduNetdiskDownload/AX301B/AX301_CD_20191212/AX301_CD_20191212/05_seg_test/src/count_m10.v   ;         ;
+----------------------------------+-----------------+------------------------+--------------------------------------------------------------------------------------------------+---------+


+---------------------------------------------------------+
; Analysis & Synthesis Resource Usage Summary             ;
+---------------------------------------------+-----------+
; Resource                                    ; Usage     ;
+---------------------------------------------+-----------+
; Estimated Total logic elements              ; 196       ;
;                                             ;           ;
; Total combinational functions               ; 196       ;
; Logic element usage by number of LUT inputs ;           ;
;     -- 4 input functions                    ; 92        ;
;     -- 3 input functions                    ; 23        ;
;     -- <=2 input functions                  ; 81        ;
;                                             ;           ;
; Logic elements by mode                      ;           ;
;     -- normal mode                          ; 134       ;
;     -- arithmetic mode                      ; 62        ;
;                                             ;           ;
; Total registers                             ; 119       ;
;     -- Dedicated logic registers            ; 119       ;
;     -- I/O registers                        ; 0         ;
;                                             ;           ;
; I/O pins                                    ; 18        ;
;                                             ;           ;
; Embedded Multiplier 9-bit elements          ; 0         ;
;                                             ;           ;
; Maximum fan-out node                        ; clk~input ;
; Maximum fan-out                             ; 119       ;
; Total fan-out                               ; 1065      ;
; Average fan-out                             ; 3.03      ;
+---------------------------------------------+-----------+


+--------------------------------------------------------------------------------------------------------------------------------------------------------------------------------------------------------------------------------+
; Analysis & Synthesis Resource Utilization by Entity                                                                                                                                                                            ;
+---------------------------------+---------------------+---------------------------+-------------+--------------+---------+-----------+------+--------------+--------------------------------------+-------------+--------------+
; Compilation Hierarchy Node      ; Combinational ALUTs ; Dedicated Logic Registers ; Memory Bits ; DSP Elements ; DSP 9x9 ; DSP 18x18 ; Pins ; Virtual Pins ; Full Hierarchy Name                  ; Entity Name ; Library Name ;
+---------------------------------+---------------------+---------------------------+-------------+--------------+---------+-----------+------+--------------+--------------------------------------+-------------+--------------+
; |seg_test                       ; 196 (45)            ; 119 (33)                  ; 0           ; 0            ; 0       ; 0         ; 18   ; 0            ; |seg_test                            ; seg_test    ; work         ;
;    |count_m10:count10_m0|       ; 6 (6)               ; 5 (5)                     ; 0           ; 0            ; 0       ; 0         ; 0    ; 0            ; |seg_test|count_m10:count10_m0       ; count_m10   ; work         ;
;    |count_m10:count10_m1|       ; 6 (6)               ; 5 (5)                     ; 0           ; 0            ; 0       ; 0         ; 0    ; 0            ; |seg_test|count_m10:count10_m1       ; count_m10   ; work         ;
;    |count_m10:count10_m2|       ; 6 (6)               ; 5 (5)                     ; 0           ; 0            ; 0       ; 0         ; 0    ; 0            ; |seg_test|count_m10:count10_m2       ; count_m10   ; work         ;
;    |count_m10:count10_m3|       ; 6 (6)               ; 5 (5)                     ; 0           ; 0            ; 0       ; 0         ; 0    ; 0            ; |seg_test|count_m10:count10_m3       ; count_m10   ; work         ;
;    |count_m10:count10_m4|       ; 6 (6)               ; 5 (5)                     ; 0           ; 0            ; 0       ; 0         ; 0    ; 0            ; |seg_test|count_m10:count10_m4       ; count_m10   ; work         ;
;    |count_m10:count10_m5|       ; 6 (6)               ; 5 (5)                     ; 0           ; 0            ; 0       ; 0         ; 0    ; 0            ; |seg_test|count_m10:count10_m5       ; count_m10   ; work         ;
;    |count_m10:count10_m6|       ; 6 (6)               ; 5 (5)                     ; 0           ; 0            ; 0       ; 0         ; 0    ; 0            ; |seg_test|count_m10:count10_m6       ; count_m10   ; work         ;
;    |count_m10:count10_m7|       ; 1 (1)               ; 1 (1)                     ; 0           ; 0            ; 0       ; 0         ; 0    ; 0            ; |seg_test|count_m10:count10_m7       ; count_m10   ; work         ;
;    |seg_decoder:seg_decoder_m2| ; 7 (7)               ; 0 (0)                     ; 0           ; 0            ; 0       ; 0         ; 0    ; 0            ; |seg_test|seg_decoder:seg_decoder_m2 ; seg_decoder ; work         ;
;    |seg_decoder:seg_decoder_m3| ; 7 (7)               ; 0 (0)                     ; 0           ; 0            ; 0       ; 0         ; 0    ; 0            ; |seg_test|seg_decoder:seg_decoder_m3 ; seg_decoder ; work         ;
;    |seg_decoder:seg_decoder_m4| ; 7 (7)               ; 0 (0)                     ; 0           ; 0            ; 0       ; 0         ; 0    ; 0            ; |seg_test|seg_decoder:seg_decoder_m4 ; seg_decoder ; work         ;
;    |seg_decoder:seg_decoder_m5| ; 7 (7)               ; 0 (0)                     ; 0           ; 0            ; 0       ; 0         ; 0    ; 0            ; |seg_test|seg_decoder:seg_decoder_m5 ; seg_decoder ; work         ;
;    |seg_scan:seg_scan_m0|       ; 80 (80)             ; 50 (50)                   ; 0           ; 0            ; 0       ; 0         ; 0    ; 0            ; |seg_test|seg_scan:seg_scan_m0       ; seg_scan    ; work         ;
+---------------------------------+---------------------+---------------------------+-------------+--------------+---------+-----------+------+--------------+--------------------------------------+-------------+--------------+
Note: For table entries with two numbers listed, the numbers in parentheses indicate the number of resources of the given type used by the specific entity alone. The numbers listed outside of parentheses indicate the total resources of the given type used by the specific entity and all of its sub-entities in the hierarchy.


+--------------------------------------------------------------------------------+
; Registers Removed During Synthesis                                             ;
+---------------------------------------+----------------------------------------+
; Register name                         ; Reason for Removal                     ;
+---------------------------------------+----------------------------------------+
; seg_scan:seg_scan_m0|seg_data[7]      ; Stuck at VCC due to stuck port data_in ;
; count_m10:count10_m7|data[1..3]       ; Lost fanout                            ;
; seg_scan:seg_scan_m0|scan_sel[3]      ; Stuck at GND due to stuck port data_in ;
; Total Number of Removed Registers = 5 ;                                        ;
+---------------------------------------+----------------------------------------+


+----------------------------------------------------------------------------------------------------------------+
; Removed Registers Triggering Further Register Optimizations                                                    ;
+------------------------------+--------------------+------------------------------------------------------------+
; Register name                ; Reason for Removal ; Registers Removed due to This Register                     ;
+------------------------------+--------------------+------------------------------------------------------------+
; count_m10:count10_m7|data[3] ; Lost Fanouts       ; count_m10:count10_m7|data[2], count_m10:count10_m7|data[1] ;
+------------------------------+--------------------+------------------------------------------------------------+


+------------------------------------------------------+
; General Register Statistics                          ;
+----------------------------------------------+-------+
; Statistic                                    ; Value ;
+----------------------------------------------+-------+
; Total registers                              ; 119   ;
; Number of registers using Synchronous Clear  ; 64    ;
; Number of registers using Synchronous Load   ; 0     ;
; Number of registers using Asynchronous Clear ; 119   ;
; Number of registers using Asynchronous Load  ; 0     ;
; Number of registers using Clock Enable       ; 22    ;
; Number of registers using Preset             ; 0     ;
+----------------------------------------------+-------+


+---------------------------------------------------+
; Inverted Register Statistics                      ;
+-----------------------------------------+---------+
; Inverted Register                       ; Fan out ;
+-----------------------------------------+---------+
; seg_scan:seg_scan_m0|seg_sel[0]         ; 1       ;
; seg_scan:seg_scan_m0|seg_sel[1]         ; 1       ;
; seg_scan:seg_scan_m0|seg_sel[2]         ; 1       ;
; seg_scan:seg_scan_m0|seg_sel[3]         ; 1       ;
; seg_scan:seg_scan_m0|seg_sel[4]         ; 1       ;
; seg_scan:seg_scan_m0|seg_sel[5]         ; 1       ;
; seg_scan:seg_scan_m0|seg_sel[6]         ; 1       ;
; seg_scan:seg_scan_m0|seg_sel[7]         ; 1       ;
; seg_scan:seg_scan_m0|seg_data[0]        ; 1       ;
; seg_scan:seg_scan_m0|seg_data[1]        ; 1       ;
; seg_scan:seg_scan_m0|seg_data[2]        ; 1       ;
; seg_scan:seg_scan_m0|seg_data[3]        ; 1       ;
; seg_scan:seg_scan_m0|seg_data[4]        ; 1       ;
; seg_scan:seg_scan_m0|seg_data[5]        ; 1       ;
; seg_scan:seg_scan_m0|seg_data[6]        ; 1       ;
; Total number of inverted registers = 15 ;         ;
+-----------------------------------------+---------+


+----------------------------------------------------------------------------------------------------------------------------------------------------------+
; Multiplexer Restructuring Statistics (Restructuring Performed)                                                                                           ;
+--------------------+-----------+---------------+----------------------+------------------------+------------+--------------------------------------------+
; Multiplexer Inputs ; Bus Width ; Baseline Area ; Area if Restructured ; Saving if Restructured ; Registered ; Example Multiplexer Output                 ;
+--------------------+-----------+---------------+----------------------+------------------------+------------+--------------------------------------------+
; 16:1               ; 3 bits    ; 30 LEs        ; 12 LEs               ; 18 LEs                 ; Yes        ; |seg_test|seg_scan:seg_scan_m0|seg_data[2] ;
; 8:1                ; 4 bits    ; 20 LEs        ; 16 LEs               ; 4 LEs                  ; Yes        ; |seg_test|seg_scan:seg_scan_m0|seg_data[0] ;
+--------------------+-----------+---------------+----------------------+------------------------+------------+--------------------------------------------+


+-------------------------------------------------------------------+
; Parameter Settings for User Entity Instance: seg_scan:seg_scan_m0 ;
+----------------+----------+---------------------------------------+
; Parameter Name ; Value    ; Type                                  ;
+----------------+----------+---------------------------------------+
; SCAN_FREQ      ; 200      ; Signed Integer                        ;
; CLK_FREQ       ; 50000000 ; Signed Integer                        ;
; SCAN_COUNT     ; 41665    ; Signed Integer                        ;
+----------------+----------+---------------------------------------+
Note: In order to hide this table in the UI and the text report file, please set the "Show Parameter Settings in Synthesis Report" option in "Analysis and Synthesis Settings -> More Settings" to "Off".


+--------------------------------------------------+
; Port Connectivity Checks: "seg_scan:seg_scan_m0" ;
+---------------+-------+----------+---------------+
; Port          ; Type  ; Severity ; Details       ;
+---------------+-------+----------+---------------+
; seg_data_0[7] ; Input ; Info     ; Stuck at VCC  ;
; seg_data_1[7] ; Input ; Info     ; Stuck at VCC  ;
; seg_data_2[7] ; Input ; Info     ; Stuck at VCC  ;
; seg_data_3[7] ; Input ; Info     ; Stuck at VCC  ;
; seg_data_4[7] ; Input ; Info     ; Stuck at VCC  ;
; seg_data_5[7] ; Input ; Info     ; Stuck at VCC  ;
; seg_data_6[7] ; Input ; Info     ; Stuck at VCC  ;
; seg_data_7[7] ; Input ; Info     ; Stuck at VCC  ;
+---------------+-------+----------+---------------+


+--------------------------------------------------------------------------------------------------------------------------------------------------------------------------------+
; Port Connectivity Checks: "seg_decoder:seg_decoder_m1"                                                                                                                         ;
+----------+-------+----------+--------------------------------------------------------------------------------------------------------------------------------------------------+
; Port     ; Type  ; Severity ; Details                                                                                                                                          ;
+----------+-------+----------+--------------------------------------------------------------------------------------------------------------------------------------------------+
; bin_data ; Input ; Warning  ; Input port expression (1 bits) is smaller than the input port (4 bits) it drives.  Extra input bit(s) "bin_data[3..1]" will be connected to GND. ;
+----------+-------+----------+--------------------------------------------------------------------------------------------------------------------------------------------------+


+--------------------------------------------------------------------------------------------------------------------------------------------------------------------------------+
; Port Connectivity Checks: "seg_decoder:seg_decoder_m0"                                                                                                                         ;
+----------+-------+----------+--------------------------------------------------------------------------------------------------------------------------------------------------+
; Port     ; Type  ; Severity ; Details                                                                                                                                          ;
+----------+-------+----------+--------------------------------------------------------------------------------------------------------------------------------------------------+
; bin_data ; Input ; Warning  ; Input port expression (1 bits) is smaller than the input port (4 bits) it drives.  Extra input bit(s) "bin_data[3..1]" will be connected to GND. ;
+----------+-------+----------+--------------------------------------------------------------------------------------------------------------------------------------------------+


+----------------------------------------------------------------------------------------------------------------------------------------------------+
; Port Connectivity Checks: "count_m10:count10_m7"                                                                                                   ;
+------+--------+----------+-------------------------------------------------------------------------------------------------------------------------+
; Port ; Type   ; Severity ; Details                                                                                                                 ;
+------+--------+----------+-------------------------------------------------------------------------------------------------------------------------+
; clr  ; Input  ; Info     ; Stuck at GND                                                                                                            ;
; data ; Output ; Warning  ; Output or bidir port (4 bits) is wider than the port expression (1 bits) it drives; bit(s) "data[3..1]" have no fanouts ;
; t    ; Output ; Info     ; Connected to dangling logic. Logic that only feeds a dangling port will be removed.                                     ;
+------+--------+----------+-------------------------------------------------------------------------------------------------------------------------+


+----------------------------------------------------------------------------------------------------------------------------------------------------+
; Port Connectivity Checks: "count_m10:count10_m6"                                                                                                   ;
+------+--------+----------+-------------------------------------------------------------------------------------------------------------------------+
; Port ; Type   ; Severity ; Details                                                                                                                 ;
+------+--------+----------+-------------------------------------------------------------------------------------------------------------------------+
; clr  ; Input  ; Info     ; Stuck at GND                                                                                                            ;
; data ; Output ; Warning  ; Output or bidir port (4 bits) is wider than the port expression (1 bits) it drives; bit(s) "data[3..1]" have no fanouts ;
+------+--------+----------+-------------------------------------------------------------------------------------------------------------------------+


+--------------------------------------------------+
; Port Connectivity Checks: "count_m10:count10_m5" ;
+------+-------+----------+------------------------+
; Port ; Type  ; Severity ; Details                ;
+------+-------+----------+------------------------+
; clr  ; Input ; Info     ; Stuck at GND           ;
+------+-------+----------+------------------------+


+--------------------------------------------------+
; Port Connectivity Checks: "count_m10:count10_m4" ;
+------+-------+----------+------------------------+
; Port ; Type  ; Severity ; Details                ;
+------+-------+----------+------------------------+
; clr  ; Input ; Info     ; Stuck at GND           ;
+------+-------+----------+------------------------+


+--------------------------------------------------+
; Port Connectivity Checks: "count_m10:count10_m3" ;
+------+-------+----------+------------------------+
; Port ; Type  ; Severity ; Details                ;
+------+-------+----------+------------------------+
; clr  ; Input ; Info     ; Stuck at GND           ;
+------+-------+----------+------------------------+


+--------------------------------------------------+
; Port Connectivity Checks: "count_m10:count10_m2" ;
+------+-------+----------+------------------------+
; Port ; Type  ; Severity ; Details                ;
+------+-------+----------+------------------------+
; clr  ; Input ; Info     ; Stuck at GND           ;
+------+-------+----------+------------------------+


+--------------------------------------------------+
; Port Connectivity Checks: "count_m10:count10_m1" ;
+------+-------+----------+------------------------+
; Port ; Type  ; Severity ; Details                ;
+------+-------+----------+------------------------+
; clr  ; Input ; Info     ; Stuck at GND           ;
+------+-------+----------+------------------------+


+--------------------------------------------------+
; Port Connectivity Checks: "count_m10:count10_m0" ;
+------+-------+----------+------------------------+
; Port ; Type  ; Severity ; Details                ;
+------+-------+----------+------------------------+
; clr  ; Input ; Info     ; Stuck at GND           ;
+------+-------+----------+------------------------+


+-----------------------------------------------------+
; Post-Synthesis Netlist Statistics for Top Partition ;
+-----------------------+-----------------------------+
; Type                  ; Count                       ;
+-----------------------+-----------------------------+
; boundary_port         ; 18                          ;
; cycloneiii_ff         ; 119                         ;
;     CLR               ; 33                          ;
;     CLR SCLR          ; 64                          ;
;     ENA CLR           ; 22                          ;
; cycloneiii_lcell_comb ; 212                         ;
;     arith             ; 62                          ;
;         2 data inputs ; 62                          ;
;     normal            ; 150                         ;
;         0 data inputs ; 1                           ;
;         1 data inputs ; 25                          ;
;         2 data inputs ; 9                           ;
;         3 data inputs ; 23                          ;
;         4 data inputs ; 92                          ;
;                       ;                             ;
; Max LUT depth         ; 5.00                        ;
; Average LUT depth     ; 2.93                        ;
+-----------------------+-----------------------------+


+-------------------------------+
; Elapsed Time Per Partition    ;
+----------------+--------------+
; Partition Name ; Elapsed Time ;
+----------------+--------------+
; Top            ; 00:00:01     ;
+----------------+--------------+


+-------------------------------+
; Analysis & Synthesis Messages ;
+-------------------------------+
Info: *******************************************************************
Info: Running Quartus Prime Analysis & Synthesis
    Info: Version 17.1.0 Build 590 10/25/2017 SJ Lite Edition
    Info: Processing started: Fri Jan 14 11:33:50 2022
Info: Command: quartus_map --read_settings_files=on --write_settings_files=off seg_test -c seg_test
Warning (18236): Number of processors has not been specified which may cause overloading on shared machines.  Set the global assignment NUM_PARALLEL_PROCESSORS in your QSF to an appropriate value for best performance.
Info (20030): Parallel compilation is enabled and will use 4 of the 4 processors detected
Info (12021): Found 1 design units, including 1 entities, in source file src/seg_test.v
    Info (12023): Found entity 1: seg_test File: D:/BaiduNetdiskDownload/AX301B/AX301_CD_20191212/AX301_CD_20191212/05_seg_test/src/seg_test.v Line: 29
Info (12021): Found 1 design units, including 1 entities, in source file src/seg_scan.v
    Info (12023): Found entity 1: seg_scan File: D:/BaiduNetdiskDownload/AX301B/AX301_CD_20191212/AX301_CD_20191212/05_seg_test/src/seg_scan.v Line: 29
Info (12021): Found 1 design units, including 1 entities, in source file src/seg_decoder.v
    Info (12023): Found entity 1: seg_decoder File: D:/BaiduNetdiskDownload/AX301B/AX301_CD_20191212/AX301_CD_20191212/05_seg_test/src/seg_decoder.v Line: 29
Info (12021): Found 1 design units, including 1 entities, in source file src/count_m10.v
    Info (12023): Found entity 1: count_m10 File: D:/BaiduNetdiskDownload/AX301B/AX301_CD_20191212/AX301_CD_20191212/05_seg_test/src/count_m10.v Line: 30
Warning (10236): Verilog HDL Implicit Net warning at seg_test.v(126): created implicit net for "count6" File: D:/BaiduNetdiskDownload/AX301B/AX301_CD_20191212/AX301_CD_20191212/05_seg_test/src/seg_test.v Line: 126
Warning (10236): Verilog HDL Implicit Net warning at seg_test.v(135): created implicit net for "count7" File: D:/BaiduNetdiskDownload/AX301B/AX301_CD_20191212/AX301_CD_20191212/05_seg_test/src/seg_test.v Line: 135
Info (12127): Elaborating entity "seg_test" for the top level hierarchy
Info (12128): Elaborating entity "count_m10" for hierarchy "count_m10:count10_m0" File: D:/BaiduNetdiskDownload/AX301B/AX301_CD_20191212/AX301_CD_20191212/05_seg_test/src/seg_test.v Line: 65
Info (12128): Elaborating entity "seg_decoder" for hierarchy "seg_decoder:seg_decoder_m0" File: D:/BaiduNetdiskDownload/AX301B/AX301_CD_20191212/AX301_CD_20191212/05_seg_test/src/seg_test.v Line: 144
Info (12128): Elaborating entity "seg_scan" for hierarchy "seg_scan:seg_scan_m0" File: D:/BaiduNetdiskDownload/AX301B/AX301_CD_20191212/AX301_CD_20191212/05_seg_test/src/seg_test.v Line: 196
Warning (12241): 4 hierarchies have connectivity warnings - see the Connectivity Checks report folder
Info (13000): Registers with preset signals will power-up high File: D:/BaiduNetdiskDownload/AX301B/AX301_CD_20191212/AX301_CD_20191212/05_seg_test/src/seg_scan.v Line: 79
Info (13003): DEV_CLRn pin will set, and not reset, register with preset signal due to NOT Gate Push-Back
Warning (13024): Output pins are stuck at VCC or GND
    Warning (13410): Pin "seg_data[7]" is stuck at VCC File: D:/BaiduNetdiskDownload/AX301B/AX301_CD_20191212/AX301_CD_20191212/05_seg_test/src/seg_test.v Line: 34
Info (286030): Timing-Driven Synthesis is running
Info (17049): 3 registers lost all their fanouts during netlist optimizations.
Info (16010): Generating hard_block partition "hard_block:auto_generated_inst"
    Info (16011): Adding 0 node(s), including 0 DDIO, 0 PLL, 0 transceiver and 0 LCELL
Info (21057): Implemented 215 device resources after synthesis - the final resource count might be different
    Info (21058): Implemented 2 input pins
    Info (21059): Implemented 16 output pins
    Info (21061): Implemented 197 logic cells
Info: Quartus Prime Analysis & Synthesis was successful. 0 errors, 6 warnings
    Info: Peak virtual memory: 4761 megabytes
    Info: Processing ended: Fri Jan 14 11:34:21 2022
    Info: Elapsed time: 00:00:31
    Info: Total CPU time (on all processors): 00:01:06


